// Jest Snapshot v1, https://goo.gl/fbAQLP

exports[`Comment component should render with props 1`] = `ShallowWrapper {}`;
